<testsuite name="Mocha Tests" tests="8" failures="0" errors="0" skip="0" timestamp="Thu, 26 Jul 2012 20:07:12 GMT" time="0.007">
<testcase classname="recurrence" name="should not be recurring by default" time="0.001"/>
<testcase classname="recurrence" name="should have recurrences after creating one" time="0.001"/>
<testcase classname="recurrence" name="should have finite recurrences when limited" time="0"/>
<testcase classname="recurrence" name="should have infinite recurrences when not limited" time="0"/>
<testcase classname="recurrence" name="Yearly patterns should work" time="0.001"/>
<testcase classname="recurrence" name="should work with monthly patterns" time="0"/>
<testcase classname="recurrence" name="should work with weekly patterns" time="0"/>
<testcase classname="recurrence" name="shoudl work with daily patterns" time="0"/>
</testsuite>
